TOKEN_CLASS -> class
TOKEN_IDENTIFIER -> COMMENTS
TOKEN_FEATURE -> feature
TOKEN_IDENTIFIER -> greet
TOKEN_DO -> do
TOKEN_IDENTIFIER -> print
TOKEN_LPAREN -> (
TOKEN_STRING -> "Hi!%N"
TOKEN_RPAREN -> )
TOKEN_END -> end
TOKEN_END -> end
