TOKEN_CLASS -> class
TOKEN_IDENTIFIER -> HELLO_WORLD
TOKEN_CREATE -> create
TOKEN_IDENTIFIER -> make
TOKEN_FEATURE -> feature
TOKEN_IDENTIFIER -> make
TOKEN_DO -> do
TOKEN_IDENTIFIER -> print
TOKEN_LPAREN -> (
TOKEN_STRING -> "Hola, Eiffel!%N"
TOKEN_RPAREN -> )
TOKEN_END -> end
TOKEN_END -> end
